0.057190,0.002630 0.068700,0.040850 
0.051770,0.042130 0.063280,0.081000 
0.179980,0.042610 0.054380,0.135590 
0.073020,0.004200 0.000800,0.044840 
