1467.164370 9478.227140 3833.494070 1248.520970 8316.693050 
2135.785040 9701.457510 5322.299240 9825.959810 8405.423330 
5108.203230 9971.425910 729.928940 3900.180870 5705.378580 
7848.638960 6521.701110 3693.673140 6399.262860 9828.392970 
105463.121550 196278.185990 100204.383180 156360.156080 201219.447990 
4160.474120 8750.458030 2804.619230 2323.513210 6189.700680 
4811.364020 5108.250560 6677.183610 4931.838040 3350.209470 
5528.885460 3690.001600 732.426140 7616.792310 8721.413370 
