0.004640,0.024762 0.000832,0.030074 -0.004075,0.019812 -0.009738,0.033802 -0.002644,0.018321 
0.001523,0.025406 0.000644,0.026347 -0.004061,0.022131 -0.009761,0.028398 -0.002744,0.016647 
0.004402,0.016603 0.006234,0.015972 0.002608,0.018830 -0.003499,0.017631 0.000212,0.009751 
0.007666,0.014457 0.006833,0.014746 0.007521,0.013627 0.000675,0.020612 0.003221,0.009265 
0.008866,0.014231 0.012691,0.017596 0.002299,0.019237 0.001442,0.019041 0.000826,0.010369 
