112805426.778023 144441596.936687 145242443.666210 222091711.280894 177636633.032165 
111004444.836890 94908508.158500 88030412.716755 146552275.188887 146408427.765305 
190125753.636990 186111625.777299 151448230.226876 240764347.476954 240844184.032708 
154387746.737285 212692216.267611 189002175.003797 186144200.952404 165255090.910323 
82657893.531794 115246528.418495 160620697.534177 148248138.269676 89045099.846979 
