132426691 102213308 70870422 
175426191 116204259 104314909 
114558756 130547135 174209778 
