270918202 971357736 519387206 1350892728 943483197 1275266923 907147306 731185618 
1173316966 1058174130 949087021 660582458 1766249110 1047878979 721487556 1459350036 
308263690 1040189584 778215537 521402593 1228802628 547222572 822275673 1438995866 
594309989 801986680 977603888 1834696946 947509436 609818678 987831069 917466629 
1389670290 791361100 474410915 1742266720 1481659479 767069578 1609884527 1500654096 
1200465226 1561172236 1082127597 1134956724 829028607 1021644066 1170109670 1503142097 
