1.500000 6543.134500 
2.100000 2.123416 
3.513450 1.513450 
